"","CS1","CS2","subject","Description"
"29-B1",-0.296504630053078,0.227705702255122,1,"B1"
"30-B1",-0.411884675146137,0.0706282892428687,2,"B1"
"31-B2",-0.0628334091487593,0.0148575120707307,2,"B2"
"32-B3",0.283063139445347,-0.0808680663590589,2,"B3"
"33-B1",1.06020864292442,0.0577190915815006,3,"B1"
"34-B1",1.23866309924947,0.0742046541149477,4,"B1"
"35-B2",0.112726741061845,0.093899498192464,4,"B2"
"36-B3",-0.62842127965953,0.27888248309186,4,"B3"
"37-B1",-0.796251166744276,0.121297967783111,5,"B1"
"38-B2",-0.800340483026942,0.0388124490795519,5,"B2"
"39-B3",-0.587408760315022,0.138721668611476,5,"B3"
"40-B1",-0.224827661775869,-0.459869602583511,6,"B1"
"41-B2",-0.714614710743311,-0.120818419052499,6,"B2"
"42-B3",0.153934355495233,-0.0742398855274229,6,"B3"
"44-B2",0.766740767431504,0.000317790821154692,7,"B2"
"45-B3",-0.0966624153645359,-0.317244769972327,7,"B3"
"46-B1",0.534011807201682,0.0508350557807702,8,"B1"
"47-B2",0.962781666776041,0.0606350497469502,8,"B2"
"48-B3",-0.331853259028433,-0.407795699734624,8,"B3"
"49-B1",-0.716413937581699,-0.120151265793317,9,"B1"
"50-B2",0.0382101202550474,-0.0947498315073418,9,"B2"
"52-B1",-0.425033626871507,0.543661031186448,10,"B1"
"53-B2",-0.107522653465365,-0.139030380308344,10,"B2"
"54-B3",1.05023232908388,0.0425896772794933,10,"B3"
